DEBUG:root:
Running tests from test_data/15.input...

DEBUG:root:Prepare_index of 1000 calculated in 0.17701669999999992 seconds
DEBUG:root:Calc_relevance calculated in 80.0365439 seconds
DEBUG:root:Partition of a set of 1191 objects. Total size = 4746047 bytes.
 Index  Count   %     Size   % Cumulative  % Kind (class / dict of class)
     0   1000  84  4704000  99   4704000  99 dict (no owner)
     1    150  13    14409   0   4718409  99 str
     2      3   0    10560   0   4728969 100 list
     3      1   0     8368   0   4737337 100 _io.BufferedReader
     4      1   0     6146   0   4743483 100 bytes
     5     14   1      896   0   4744379 100 tuple
     6     15   1      420   0   4744799 100 int
     7      1   0      416   0   4745215 100 types.FrameType
     8      1   0      240   0   4745455 100 dict of _io.FileIO
     9      1   0      240   0   4745695 100 dict of _io.TextIOWrapper
<4 more rows. Type e.g. '_.more' to view.>

DEBUG:root:
Running tests from test_data/15.input...

DEBUG:root:Prepare_index of 1000 calculated in 0.12940450000000003 seconds
DEBUG:root:Calc_relevance calculated in 63.221293100000004 seconds
DEBUG:root:Partition of a set of 1191 objects. Total size = 4746047 bytes.
 Index  Count   %     Size   % Cumulative  % Kind (class / dict of class)
     0   1000  84  4704000  99   4704000  99 dict (no owner)
     1    150  13    14409   0   4718409  99 str
     2      3   0    10560   0   4728969 100 list
     3      1   0     8368   0   4737337 100 _io.BufferedReader
     4      1   0     6146   0   4743483 100 bytes
     5     14   1      896   0   4744379 100 tuple
     6     15   1      420   0   4744799 100 int
     7      1   0      416   0   4745215 100 types.FrameType
     8      1   0      240   0   4745455 100 dict of _io.FileIO
     9      1   0      240   0   4745695 100 dict of _io.TextIOWrapper
<4 more rows. Type e.g. '_.more' to view.>
