DEBUG:root:
Running tests from test_data/15.input...

DEBUG:root:Prepare_index of 1000 calculated in 0.12889240000000002 seconds
DEBUG:root:Calc_relevance calculated in 73.7221909 seconds
DEBUG:root:Partition of a set of 1057 objects. Total size = 4738092 bytes.
 Index  Count   %     Size   % Cumulative  % Kind (class / dict of class)
     0   1000  95  4704000  99   4704000  99 dict (no owner)
     1      2   0     9216   0   4713216  99 list
     2      1   0     8368   0   4721584 100 _io.BufferedReader
     3     15   1     7034   0   4728618 100 str
     4      1   0     6146   0   4734764 100 bytes
     5     14   1      896   0   4735660 100 tuple
     6      1   0      736   0   4736396 100 set
     7     16   2      448   0   4736844 100 int
     8      1   0      416   0   4737260 100 types.FrameType
     9      1   0      240   0   4737500 100 dict of _io.FileIO
<5 more rows. Type e.g. '_.more' to view.>
