DEBUG:root:
Running tests from test_data/11 (13).txt...

DEBUG:root:Powers of 924 calculated in 0.7091843999999999 seconds
DEBUG:root:Hashes of prefixes calculated in 1.3618289000000001 seconds
DEBUG:root:Hashes of substrings calculated in 0.0015193000000000012 seconds

DEBUG:root:Partition of a set of 1000013 objects. Total size = 45010879 bytes.
 Index  Count   %     Size   % Cumulative  % Kind (class / dict of class)
     0 999992 100 27999776  62  27999776  62 int
     1      2   0 16000160  36  43999936  98 list
     2      4   0  1000215   2  45000151 100 str
     3      1   0     8368   0  45008519 100 _io.BufferedReader
     4      2   0      480   0  45008999 100 dict of _io.FileIO
     5      2   0      480   0  45009479 100 dict of _io.TextIOWrapper
     6      2   0      432   0  45009911 100 _io.TextIOWrapper
     7      1   0      416   0  45010327 100 types.FrameType
     8      1   0      176   0  45010503 100 _io.BufferedWriter
     9      2   0      144   0  45010647 100 _io.FileIO
<4 more rows. Type e.g. '_.more' to view.>
DEBUG:root:
Running tests from test_data/12 (14).txt...

DEBUG:root:Powers of 740 calculated in 0.7874724000000004 seconds
DEBUG:root:Hashes of prefixes calculated in 1.5506596999999998 seconds
DEBUG:root:Hashes of substrings calculated in 0.0020638999999995633 seconds

DEBUG:root:Partition of a set of 999951 objects. Total size = 45009203 bytes.
 Index  Count   %     Size   % Cumulative  % Kind (class / dict of class)
     0 999929 100 27998020  62  27998020  62 int
     1      2   0 16000160  36  43998180  98 list
     2      4   0  1000215   2  44998395 100 str
     3      1   0     8368   0  45006763 100 _io.BufferedReader
     4      2   0      480   0  45007243 100 dict of _io.FileIO
     5      2   0      480   0  45007723 100 dict of _io.TextIOWrapper
     6      2   0      432   0  45008155 100 _io.TextIOWrapper
     7      1   0      416   0  45008571 100 types.FrameType
     8      1   0      176   0  45008747 100 _io.BufferedWriter
     9      2   0      144   0  45008891 100 _io.FileIO
<5 more rows. Type e.g. '_.more' to view.>
DEBUG:root:
Running tests from test_data/13 (15).txt...

DEBUG:root:Powers of 528 calculated in 0.8398256000000011 seconds
DEBUG:root:Hashes of prefixes calculated in 1.3195183999999998 seconds
DEBUG:root:Hashes of substrings calculated in 0.0031612000000009743 seconds

DEBUG:root:Partition of a set of 999996 objects. Total size = 45010463 bytes.
 Index  Count   %     Size   % Cumulative  % Kind (class / dict of class)
     0 999974 100 27999280  62  27999280  62 int
     1      2   0 16000160  36  43999440  98 list
     2      4   0  1000215   2  44999655 100 str
     3      1   0     8368   0  45008023 100 _io.BufferedReader
     4      2   0      480   0  45008503 100 dict of _io.FileIO
     5      2   0      480   0  45008983 100 dict of _io.TextIOWrapper
     6      2   0      432   0  45009415 100 _io.TextIOWrapper
     7      1   0      416   0  45009831 100 types.FrameType
     8      1   0      176   0  45010007 100 _io.BufferedWriter
     9      2   0      144   0  45010151 100 _io.FileIO
<5 more rows. Type e.g. '_.more' to view.>
